---
source: src/parser/mod.rs
assertion_line: 883
expression: syntax_tree

---
SyntaxTree {
    block: [
        If(
            If {
                condition: Binary(
                    BinaryExpr {
                        op: Lesser,
                        lhs: Ident(
                            Ident {
                                name: "x",
                            },
                        ),
                        rhs: Literal(
                            Num(
                                Int(
                                    5,
                                ),
                            ),
                        ),
                    },
                ),
                block: [
                    SimpleExpr(
                        FunctionCall(
                            FunctionCall {
                                func: Ident(
                                    Ident {
                                        name: "print",
                                    },
                                ),
                                args: [
                                    Literal(
                                        String(
                                            [
                                                120,
                                                32,
                                                105,
                                                115,
                                                32,
                                                108,
                                                101,
                                                115,
                                                115,
                                                32,
                                                116,
                                                104,
                                                97,
                                                110,
                                                32,
                                                53,
                                            ],
                                        ),
                                    ),
                                ],
                            },
                        ),
                    ),
                ],
                or: None,
            },
        ),
        If(
            If {
                condition: Binary(
                    BinaryExpr {
                        op: Lesser,
                        lhs: Ident(
                            Ident {
                                name: "y",
                            },
                        ),
                        rhs: Literal(
                            Num(
                                Int(
                                    5,
                                ),
                            ),
                        ),
                    },
                ),
                block: [
                    SimpleExpr(
                        FunctionCall(
                            FunctionCall {
                                func: Ident(
                                    Ident {
                                        name: "print",
                                    },
                                ),
                                args: [
                                    Literal(
                                        String(
                                            [
                                                121,
                                                32,
                                                105,
                                                115,
                                                32,
                                                108,
                                                101,
                                                115,
                                                115,
                                                32,
                                                116,
                                                104,
                                                97,
                                                110,
                                                32,
                                                53,
                                            ],
                                        ),
                                    ),
                                ],
                            },
                        ),
                    ),
                ],
                or: Some(
                    Else(
                        [
                            SimpleExpr(
                                FunctionCall(
                                    FunctionCall {
                                        func: Ident(
                                            Ident {
                                                name: "print",
                                            },
                                        ),
                                        args: [
                                            Literal(
                                                String(
                                                    [
                                                        121,
                                                        32,
                                                        105,
                                                        115,
                                                        32,
                                                        103,
                                                        114,
                                                        101,
                                                        97,
                                                        116,
                                                        101,
                                                        114,
                                                        32,
                                                        116,
                                                        104,
                                                        97,
                                                        110,
                                                        32,
                                                        111,
                                                        114,
                                                        32,
                                                        101,
                                                        113,
                                                        117,
                                                        97,
                                                        108,
                                                        32,
                                                        116,
                                                        111,
                                                        32,
                                                        53,
                                                    ],
                                                ),
                                            ),
                                        ],
                                    },
                                ),
                            ),
                        ],
                    ),
                ),
            },
        ),
        If(
            If {
                condition: Binary(
                    BinaryExpr {
                        op: Lesser,
                        lhs: Ident(
                            Ident {
                                name: "z",
                            },
                        ),
                        rhs: Literal(
                            Num(
                                Int(
                                    5,
                                ),
                            ),
                        ),
                    },
                ),
                block: [
                    SimpleExpr(
                        FunctionCall(
                            FunctionCall {
                                func: Ident(
                                    Ident {
                                        name: "print",
                                    },
                                ),
                                args: [
                                    Literal(
                                        String(
                                            [
                                                122,
                                                32,
                                                105,
                                                115,
                                                32,
                                                108,
                                                101,
                                                115,
                                                115,
                                                32,
                                                116,
                                                104,
                                                97,
                                                110,
                                                32,
                                                53,
                                            ],
                                        ),
                                    ),
                                ],
                            },
                        ),
                    ),
                ],
                or: Some(
                    ElseIf(
                        If {
                            condition: Binary(
                                BinaryExpr {
                                    op: Greater,
                                    lhs: Ident(
                                        Ident {
                                            name: "z",
                                        },
                                    ),
                                    rhs: Literal(
                                        Num(
                                            Int(
                                                10,
                                            ),
                                        ),
                                    ),
                                },
                            ),
                            block: [
                                SimpleExpr(
                                    FunctionCall(
                                        FunctionCall {
                                            func: Ident(
                                                Ident {
                                                    name: "print",
                                                },
                                            ),
                                            args: [
                                                Literal(
                                                    String(
                                                        [
                                                            122,
                                                            32,
                                                            105,
                                                            115,
                                                            32,
                                                            103,
                                                            114,
                                                            101,
                                                            97,
                                                            116,
                                                            101,
                                                            114,
                                                            32,
                                                            116,
                                                            104,
                                                            97,
                                                            110,
                                                            32,
                                                            49,
                                                            48,
                                                        ],
                                                    ),
                                                ),
                                            ],
                                        },
                                    ),
                                ),
                            ],
                            or: Some(
                                Else(
                                    [
                                        SimpleExpr(
                                            FunctionCall(
                                                FunctionCall {
                                                    func: Ident(
                                                        Ident {
                                                            name: "print",
                                                        },
                                                    ),
                                                    args: [
                                                        Literal(
                                                            String(
                                                                [
                                                                    122,
                                                                    32,
                                                                    105,
                                                                    115,
                                                                    32,
                                                                    103,
                                                                    114,
                                                                    101,
                                                                    97,
                                                                    116,
                                                                    101,
                                                                    114,
                                                                    32,
                                                                    116,
                                                                    104,
                                                                    97,
                                                                    110,
                                                                    32,
                                                                    111,
                                                                    114,
                                                                    32,
                                                                    101,
                                                                    113,
                                                                    117,
                                                                    97,
                                                                    108,
                                                                    32,
                                                                    116,
                                                                    111,
                                                                    32,
                                                                    53,
                                                                    32,
                                                                    97,
                                                                    110,
                                                                    100,
                                                                    32,
                                                                    108,
                                                                    101,
                                                                    115,
                                                                    115,
                                                                    32,
                                                                    116,
                                                                    104,
                                                                    97,
                                                                    110,
                                                                    32,
                                                                    111,
                                                                    114,
                                                                    32,
                                                                    101,
                                                                    113,
                                                                    117,
                                                                    97,
                                                                    108,
                                                                    32,
                                                                    116,
                                                                    111,
                                                                    32,
                                                                    49,
                                                                    48,
                                                                ],
                                                            ),
                                                        ),
                                                    ],
                                                },
                                            ),
                                        ),
                                    ],
                                ),
                            ),
                        },
                    ),
                ),
            },
        ),
    ],
}
